
==========
== CUDA ==
==========

CUDA Version 12.1.1

Container image Copyright (c) 2016-2023, NVIDIA CORPORATION & AFFILIATES. All rights reserved.

This container image and its contents are governed by the NVIDIA Deep Learning Container License.
By pulling and using the container, you accept the terms and conditions of this license:
https://developer.nvidia.com/ngc/nvidia-deep-learning-container-license

A copy of this license is made available in this container at /NGC-DL-CONTAINER-LICENSE for your convenience.

入力画像 8枚を検出しました。
============================================================
gasplat-car 処理開始
============================================================

========================================
ステップ1: 画像前処理
========================================
入力ディレクトリ: data/input
    [Preprocess] 入力画像 8枚を検出: ['178D7D2F-6F7B-43A3-BDEC-8018BC29B2AC_4_5005_c.jpeg', '2E72A2A2-7382-4E01-9407-38D4042EFA40_4_5005_c.jpeg', '4E5662AC-D74E-406D-B099-A4F254352DD9_4_5005_c.jpeg', '58B73621-3A56-4A78-817B-365EAEB4C53A_4_5005_c.jpeg', '6E6049CB-D1D6-4D72-A074-D44657FB77B8_1_105_c.jpeg', '6EAD1881-3F97-4530-8BED-F55C425A7C75_4_5005_c.jpeg', '80E6D4A4-0FA8-4964-A04D-F359A4F5CB50_4_5005_c.jpeg', '8ACF6A8C-6A21-451C-BB1F-CE0ABF0ADDAD_4_5005_c.jpeg']
画像ファイル数: 8
  処理中: 178D7D2F-6F7B-43A3-BDEC-8018BC29B2AC_4_5005_c.jpeg...
    -> data/input/processed/178D7D2F-6F7B-43A3-BDEC-8018BC29B2AC_4_5005_c.jpeg (480x360)
  処理中: 2E72A2A2-7382-4E01-9407-38D4042EFA40_4_5005_c.jpeg...
    -> data/input/processed/2E72A2A2-7382-4E01-9407-38D4042EFA40_4_5005_c.jpeg (480x360)
  処理中: 4E5662AC-D74E-406D-B099-A4F254352DD9_4_5005_c.jpeg...
    -> data/input/processed/4E5662AC-D74E-406D-B099-A4F254352DD9_4_5005_c.jpeg (480x360)
  処理中: 58B73621-3A56-4A78-817B-365EAEB4C53A_4_5005_c.jpeg...
    -> data/input/processed/58B73621-3A56-4A78-817B-365EAEB4C53A_4_5005_c.jpeg (480x360)
  処理中: 6E6049CB-D1D6-4D72-A074-D44657FB77B8_1_105_c.jpeg...
    -> data/input/processed/6E6049CB-D1D6-4D72-A074-D44657FB77B8_1_105_c.jpeg (1024x768)
  処理中: 6EAD1881-3F97-4530-8BED-F55C425A7C75_4_5005_c.jpeg...
    -> data/input/processed/6EAD1881-3F97-4530-8BED-F55C425A7C75_4_5005_c.jpeg (480x360)
  処理中: 80E6D4A4-0FA8-4964-A04D-F359A4F5CB50_4_5005_c.jpeg...
    -> data/input/processed/80E6D4A4-0FA8-4964-A04D-F359A4F5CB50_4_5005_c.jpeg (480x360)
  処理中: 8ACF6A8C-6A21-451C-BB1F-CE0ABF0ADDAD_4_5005_c.jpeg...
    -> data/input/processed/8ACF6A8C-6A21-451C-BB1F-CE0ABF0ADDAD_4_5005_c.jpeg (480x360)

処理結果を保存: data/input/processed/camera_params.json
  [Intermediate] 前処理結果を保存中...
    -> カメラパラメータ保存: output/intermediate/preprocessing/camera_params.json
    -> 画像コピー完了: 8枚

========================================
ステップ2: Camera Pose推定 (COLMAP)
========================================
画像を準備中...
  8枚の画像をコピーしました。
特徴量抽出中...
  実行: colmap feature_extractor --database_path /workspace/data/colmap_work/database.db --image_path /workspace/data/colmap_work/images --ImageReader.camera_model SIMPLE_RADIAL --ImageReader.single_camera 1 --ImageReader.camera_params 1536.0,512.0,512.0,0.0 --ImageReader.default_focal_length_factor 1.2 --SiftExtraction.max_num_features 4096 --SiftExtraction.peak_threshold 0.006666666666666667 --SiftExtraction.edge_threshold 10 --SiftExtraction.use_gpu 0
特徴量マッチング中...
  実行: colmap exhaustive_matcher --database_path /workspace/data/colmap_work/database.db --SiftMatching.max_num_matches 8192 --SiftMatching.use_gpu 0
バンドルアジャストメント中...
  実行: mapper --database_path /workspace/data/colmap_work/database.db --image_path /workspace/data/colmap_work/images --output_path /workspace/data/colmap_work/sparse --Mapper.min_num_matches 6 --Mapper.num_threads 8 --Mapper.min_focal_length_ratio 0.01 --Mapper.max_focal_length_ratio 100 --Mapper.ba_global_max_num_iterations 200 --Mapper.init_max_error 20.0 --Mapper.init_min_num_inliers 20 --Mapper.init_max_forward_motion 0.999 --Mapper.init_min_tri_angle 1.0 --Mapper.init_max_reg_trials 8 --Mapper.ba_global_use_pba 0 --Mapper.multiple_models 0 --Mapper.ignore_watermarks 1 --Mapper.min_model_size 3 --Mapper.max_num_models 100
  実行: colmap model_converter --input_path /workspace/data/colmap_work/sparse/0 --output_path /workspace/data/colmap_work/sparse/text --output_type txt
  推定されたカメラ数: 1
  3Dポイント数: 0
  [Intermediate] COLMAP結果を保存中...
    -> カメラ位置情報保存: output/intermediate/colmap/camera_positions.json

========================================
ステップ3: Gaussian Splatting 訓練
========================================
使用デバイス: cuda
画像を読み込み中...
カメラ行列を準備中...
  COLMAP結果: 1画像, 1カメラ
  準備されたカメラ行列数: 1
ガウシアンを初期化中...
警告: 3Dポイントが見つかりません。ランダム初期化を使用します。
  [DEBUG] COLMAP points3D数: 0
  [DEBUG] COLMAP images数: 1
  [DEBUG] ガウシアン初期化後 - means形状: (100000, 3)
  [DEBUG] ガウシアン初期化後 - colors形状: (100000, 3)
訓練開始: 30000 イテレーション, 8 画像
  ガウシアン数: 100000
  means範囲: [-5.0000, 4.9999]
  scales範囲: [1.1981, 1.1981]
  opacities範囲: [-0.5000, -0.5000]
  colors範囲: [0.0000, 1.0000]
  カメラ数: 1
  カメラ0 K:
tensor([[362.0460,   0.0000, 512.0000],
        [  0.0000, 362.0460, 512.0000],
        [  0.0000,   0.0000,   1.0000]], device='cuda:0')
  カメラ0 RT:
tensor([[ 0.9712,  0.1582,  0.1781, -1.1276],
        [-0.1409,  0.9843, -0.1062,  1.6089],
        [-0.1921,  0.0781,  0.9783, -4.5978]], device='cuda:0',
       dtype=torch.float64)
  カメラ0 サイズ: 480x360
  警告: カメラ数が不足しています (1 < 8)。フォールバックカメラを使用します。
gsplat: CUDA extension has been set up successfully in 85.98 seconds.
  [Intermediate] 訓練中レンダリング保存: iteration 1
    -> 保存完了: output/intermediate/gsplat/render_step_000001.png
    [ALPHA]  mean=0.0000, min=0.0000, max=0.0000, >0.01=0ピクセル

エラーが発生しました: list index out of range
Traceback (most recent call last):
  File "/workspace/src/main.py", line 162, in main
    run_pipeline(config)
  File "/workspace/src/main.py", line 106, in run_pipeline
    gs_result = gs_trainer.train(colmap_results, intermediate_manager=intermediate_manager)
  File "/workspace/src/train_gsplat.py", line 484, in train
    cam = camera_matrices[img_idx]
IndexError: list index out of range
